[INFO] Scanning for projects...
[INFO] 
[INFO] -----------------------< com.edms:backend-java >------------------------
[INFO] Building backend-java 1.0.0-SNAPSHOT
[INFO]   from pom.xml
[INFO] --------------------------------[ jar ]---------------------------------
[INFO] 
[INFO] --- resources:3.3.1:resources (default-resources) @ backend-java ---
[INFO] Copying 4 resources from src\main\resources to target\classes
[INFO] Copying 3 resources from src\main\resources to target\classes
[INFO] 
[INFO] --- compiler:3.11.0:compile (default-compile) @ backend-java ---
[INFO] Nothing to compile - all classes are up to date
[INFO] 
[INFO] --- resources:3.3.1:testResources (default-testResources) @ backend-java ---
[INFO] skip non existing resourceDirectory D:\HocTap\Enterprise-Document-Collaboration-Platform\backend\src\test\resources
[INFO] 
[INFO] --- compiler:3.11.0:testCompile (default-testCompile) @ backend-java ---
[INFO] Nothing to compile - all classes are up to date
[INFO] 
[INFO] --- surefire:3.1.2:test (default-test) @ backend-java ---
[INFO] Using auto detected provider org.apache.maven.surefire.junitplatform.JUnitPlatformProvider
[INFO] 
[INFO] -------------------------------------------------------
[INFO]  T E S T S
[INFO] -------------------------------------------------------
[INFO] Running com.edms.api.controller.ApprovalControllerTest
15:24:56.367 [main] INFO org.springframework.test.context.support.AnnotationConfigContextLoaderUtils -- Could not detect default configuration classes for test class [com.edms.api.controller.ApprovalControllerTest]: ApprovalControllerTest does not declare any static, non-private, non-final, nested classes annotated with @Configuration.
15:24:56.681 [main] INFO org.springframework.boot.test.context.SpringBootTestContextBootstrapper -- Found @SpringBootConfiguration com.edms.EdmsApplication for test class com.edms.api.controller.ApprovalControllerTest

  .   ____          _            __ _ _
 /\\ / ___'_ __ _ _(_)_ __  __ _ \ \ \ \
( ( )\___ | '_ | '_| | '_ \/ _` | \ \ \ \
 \\/  ___)| |_)| | | | | || (_| |  ) ) ) )
  '  |____| .__|_| |_|_| |_\__, | / / / /
 =========|_|==============|___/=/_/_/_/
 :: Spring Boot ::                (v3.2.5)

2026-08-12T15:24:57.584+07:00  INFO 20468 --- [backend-java] [           main] c.e.a.controller.ApprovalControllerTest  : Starting ApprovalControllerTest using Java 26.0.2 with PID 20468 (started by son25 in D:\HocTap\Enterprise-Document-Collaboration-Platform\backend)
2026-08-12T15:24:57.586+07:00  INFO 20468 --- [backend-java] [           main] c.e.a.controller.ApprovalControllerTest  : The following 1 profile is active: "local"
2026-08-12T15:24:59.374+07:00  INFO 20468 --- [backend-java] [           main] .s.d.r.c.RepositoryConfigurationDelegate : Bootstrapping Spring Data JPA repositories in DEFAULT mode.
2026-08-12T15:24:59.613+07:00  INFO 20468 --- [backend-java] [           main] .s.d.r.c.RepositoryConfigurationDelegate : Finished Spring Data repository scanning in 223 ms. Found 12 JPA repository interfaces.
2026-08-12T15:25:02.330+07:00  INFO 20468 --- [backend-java] [           main] com.zaxxer.hikari.HikariDataSource       : HikariPool-1 - Starting...
2026-08-12T15:25:02.754+07:00  INFO 20468 --- [backend-java] [           main] com.zaxxer.hikari.pool.HikariPool        : HikariPool-1 - Added connection conn0: url=jdbc:h2:mem:edmsdb user=SA
2026-08-12T15:25:02.759+07:00  INFO 20468 --- [backend-java] [           main] com.zaxxer.hikari.HikariDataSource       : HikariPool-1 - Start completed.
2026-08-12T15:25:02.937+07:00  INFO 20468 --- [backend-java] [           main] o.f.c.internal.license.VersionPrinter    : Flyway Community Edition 9.22.3 by Redgate
2026-08-12T15:25:02.938+07:00  INFO 20468 --- [backend-java] [           main] o.f.c.internal.license.VersionPrinter    : See release notes here: https://rd.gt/416ObMi
2026-08-12T15:25:02.938+07:00  INFO 20468 --- [backend-java] [           main] o.f.c.internal.license.VersionPrinter    : 
2026-08-12T15:25:03.028+07:00  INFO 20468 --- [backend-java] [           main] org.flywaydb.core.FlywayExecutor         : Database: jdbc:h2:mem:edmsdb (H2 2.2)
2026-08-12T15:25:03.037+07:00  WARN 20468 --- [backend-java] [           main] o.f.c.internal.database.base.Database    : Flyway upgrade recommended: H2 2.2.224 is newer than this version of Flyway and support has not been tested. The latest supported version of H2 is 2.2.220.
2026-08-12T15:25:03.099+07:00  INFO 20468 --- [backend-java] [           main] o.f.c.i.s.JdbcTableSchemaHistory         : Schema history table "PUBLIC"."flyway_schema_history" does not exist yet
2026-08-12T15:25:03.106+07:00  INFO 20468 --- [backend-java] [           main] o.f.core.internal.command.DbValidate     : Successfully validated 1 migration (execution time 00:00.049s)
2026-08-12T15:25:03.117+07:00  INFO 20468 --- [backend-java] [           main] o.f.c.i.s.JdbcTableSchemaHistory         : Creating Schema History table "PUBLIC"."flyway_schema_history" ...
2026-08-12T15:25:03.162+07:00  INFO 20468 --- [backend-java] [           main] o.f.core.internal.command.DbMigrate      : Current version of schema "PUBLIC": << Empty Schema >>
2026-08-12T15:25:03.198+07:00  INFO 20468 --- [backend-java] [           main] o.f.core.internal.command.DbMigrate      : Migrating schema "PUBLIC" to version "1 - init schema"
2026-08-12T15:25:03.286+07:00  INFO 20468 --- [backend-java] [           main] o.f.core.internal.command.DbMigrate      : Successfully applied 1 migration to schema "PUBLIC", now at version v1 (execution time 00:00.074s)
2026-08-12T15:25:03.469+07:00  INFO 20468 --- [backend-java] [           main] o.hibernate.jpa.internal.util.LogHelper  : HHH000204: Processing PersistenceUnitInfo [name: default]
2026-08-12T15:25:03.580+07:00  INFO 20468 --- [backend-java] [           main] org.hibernate.Version                    : HHH000412: Hibernate ORM core version 6.4.4.Final
2026-08-12T15:25:03.641+07:00  INFO 20468 --- [backend-java] [           main] o.h.c.internal.RegionFactoryInitiator    : HHH000026: Second-level cache disabled
2026-08-12T15:25:03.845+07:00  INFO 20468 --- [backend-java] [           main] o.s.o.j.p.SpringPersistenceUnitInfo      : No LoadTimeWeaver setup: ignoring JPA class transformer
2026-08-12T15:25:03.937+07:00  WARN 20468 --- [backend-java] [           main] org.hibernate.orm.deprecation            : HHH90000025: H2Dialect does not need to be specified explicitly using 'hibernate.dialect' (remove the property setting and it will be selected by default)
2026-08-12T15:25:05.773+07:00  INFO 20468 --- [backend-java] [           main] o.h.e.t.j.p.i.JtaPlatformInitiator       : HHH000489: No JTA platform available (set 'hibernate.transaction.jta.platform' to enable JTA platform integration)
2026-08-12T15:25:05.780+07:00  INFO 20468 --- [backend-java] [           main] j.LocalContainerEntityManagerFactoryBean : Initialized JPA EntityManagerFactory for persistence unit 'default'
2026-08-12T15:25:06.497+07:00  INFO 20468 --- [backend-java] [           main] o.s.d.j.r.query.QueryEnhancerFactory     : Hibernate is in classpath; If applicable, HQL parser will be used.
2026-08-12T15:25:08.067+07:00  WARN 20468 --- [backend-java] [           main] JpaBaseConfiguration$JpaWebConfiguration : spring.jpa.open-in-view is enabled by default. Therefore, database queries may be performed during view rendering. Explicitly configure spring.jpa.open-in-view to disable this warning
2026-08-12T15:25:08.108+07:00  WARN 20468 --- [backend-java] [           main] .s.s.UserDetailsServiceAutoConfiguration : 

Using generated security password: 4421f20e-a30e-48bd-a771-a527afd895b1

This generated password is for development use only. Your security configuration must be updated before running your application in production.

2026-08-12T15:25:08.828+07:00  INFO 20468 --- [backend-java] [           main] o.s.s.web.DefaultSecurityFilterChain     : Will secure any request with [org.springframework.security.web.session.DisableEncodeUrlFilter@280aa1bd, org.springframework.security.web.context.request.async.WebAsyncManagerIntegrationFilter@295692fd, org.springframework.security.web.context.SecurityContextHolderFilter@782b12c9, org.springframework.security.web.header.HeaderWriterFilter@13acb4, org.springframework.web.filter.CorsFilter@746f2b91, org.springframework.security.web.authentication.logout.LogoutFilter@2fcd0756, com.edms.infrastructure.security.JwtAuthenticationFilter@203b98cf, org.springframework.security.web.savedrequest.RequestCacheAwareFilter@29398b59, org.springframework.security.web.servletapi.SecurityContextHolderAwareRequestFilter@1cdb4bd3, org.springframework.security.web.authentication.AnonymousAuthenticationFilter@6d67667f, org.springframework.security.web.session.SessionManagementFilter@569e8e11, org.springframework.security.web.access.ExceptionTranslationFilter@156d47c5, org.springframework.security.web.access.intercept.AuthorizationFilter@58a0b88e]
2026-08-12T15:25:09.704+07:00  INFO 20468 --- [backend-java] [           main] o.s.b.a.h2.H2ConsoleAutoConfiguration    : H2 console available at '/h2-console'. Database available at 'jdbc:h2:mem:edmsdb'
2026-08-12T15:25:09.811+07:00  INFO 20468 --- [backend-java] [           main] o.s.b.t.m.w.SpringBootMockServletContext : Initializing Spring TestDispatcherServlet ''
2026-08-12T15:25:09.811+07:00  INFO 20468 --- [backend-java] [           main] o.s.t.web.servlet.TestDispatcherServlet  : Initializing Servlet ''
2026-08-12T15:25:09.814+07:00  INFO 20468 --- [backend-java] [           main] o.s.t.web.servlet.TestDispatcherServlet  : Completed initialization in 3 ms
2026-08-12T15:25:09.855+07:00  INFO 20468 --- [backend-java] [           main] c.e.a.controller.ApprovalControllerTest  : Started ApprovalControllerTest in 12.877 seconds (process running for 14.853)
Hibernate: 
    select
        count(*) 
    from
        users ue1_0
2026-08-12T15:25:09.976+07:00  INFO 20468 --- [backend-java] [           main] c.edms.infrastructure.config.DataSeeder  : Seeding sample data for Swagger UI testing...
Hibernate: 
    select
        de1_0.id,
        de1_0.code,
        de1_0.created_at,
        de1_0.name 
    from
        departments de1_0 
    where
        de1_0.id=?
Hibernate: 
    insert 
    into
        departments
        (code, created_at, name, id) 
    values
        (?, ?, ?, ?)
Hibernate: 
    select
        de1_0.id,
        de1_0.code,
        de1_0.created_at,
        de1_0.name 
    from
        departments de1_0 
    where
        de1_0.id=?
Hibernate: 
    insert 
    into
        departments
        (code, created_at, name, id) 
    values
        (?, ?, ?, ?)
Hibernate: 
    select
        de1_0.id,
        de1_0.code,
        de1_0.created_at,
        de1_0.name 
    from
        departments de1_0 
    where
        de1_0.id=?
Hibernate: 
    insert 
    into
        departments
        (code, created_at, name, id) 
    values
        (?, ?, ?, ?)
Hibernate: 
    select
        ue1_0.id,
        ue1_0.avatar,
        ue1_0.cognito_sub,
        ue1_0.created_at,
        ue1_0.department,
        ue1_0.department_id,
        ue1_0.email,
        ue1_0.name,
        ue1_0.password,
        ue1_0.role,
        ue1_0.updated_at 
    from
        users ue1_0 
    where
        ue1_0.id=?
Hibernate: 
    insert 
    into
        users
        (avatar, cognito_sub, created_at, department, department_id, email, name, password, role, updated_at, id) 
    values
        (?, ?, ?, ?, ?, ?, ?, ?, ?, ?, ?)
Hibernate: 
    select
        ue1_0.id,
        ue1_0.avatar,
        ue1_0.cognito_sub,
        ue1_0.created_at,
        ue1_0.department,
        ue1_0.department_id,
        ue1_0.email,
        ue1_0.name,
        ue1_0.password,
        ue1_0.role,
        ue1_0.updated_at 
    from
        users ue1_0 
    where
        ue1_0.id=?
Hibernate: 
    insert 
    into
        users
        (avatar, cognito_sub, created_at, department, department_id, email, name, password, role, updated_at, id) 
    values
        (?, ?, ?, ?, ?, ?, ?, ?, ?, ?, ?)
Hibernate: 
    select
        ue1_0.id,
        ue1_0.avatar,
        ue1_0.cognito_sub,
        ue1_0.created_at,
        ue1_0.department,
        ue1_0.department_id,
        ue1_0.email,
        ue1_0.name,
        ue1_0.password,
        ue1_0.role,
        ue1_0.updated_at 
    from
        users ue1_0 
    where
        ue1_0.id=?
Hibernate: 
    insert 
    into
        users
        (avatar, cognito_sub, created_at, department, department_id, email, name, password, role, updated_at, id) 
    values
        (?, ?, ?, ?, ?, ?, ?, ?, ?, ?, ?)
Hibernate: 
    select
        ue1_0.id,
        ue1_0.avatar,
        ue1_0.cognito_sub,
        ue1_0.created_at,
        ue1_0.department,
        ue1_0.department_id,
        ue1_0.email,
        ue1_0.name,
        ue1_0.password,
        ue1_0.role,
        ue1_0.updated_at 
    from
        users ue1_0 
    where
        ue1_0.id=?
Hibernate: 
    insert 
    into
        users
        (avatar, cognito_sub, created_at, department, department_id, email, name, password, role, updated_at, id) 
    values
        (?, ?, ?, ?, ?, ?, ?, ?, ?, ?, ?)
Hibernate: 
    select
        ue1_0.id,
        ue1_0.avatar,
        ue1_0.cognito_sub,
        ue1_0.created_at,
        ue1_0.department,
        ue1_0.department_id,
        ue1_0.email,
        ue1_0.name,
        ue1_0.password,
        ue1_0.role,
        ue1_0.updated_at 
    from
        users ue1_0 
    where
        ue1_0.id=?
Hibernate: 
    insert 
    into
        users
        (avatar, cognito_sub, created_at, department, department_id, email, name, password, role, updated_at, id) 
    values
        (?, ?, ?, ?, ?, ?, ?, ?, ?, ?, ?)
Hibernate: 
    select
        fe1_0.id,
        fe1_0.created_at,
        fe1_0.department,
        fe1_0.department_id,
        fe1_0.name,
        fe1_0.owner_id,
        fe1_0.updated_at 
    from
        folders fe1_0 
    where
        fe1_0.id=?
Hibernate: 
    insert 
    into
        folders
        (created_at, department, department_id, name, owner_id, updated_at, id) 
    values
        (?, ?, ?, ?, ?, ?, ?)
Hibernate: 
    select
        fe1_0.id,
        fe1_0.created_at,
        fe1_0.department,
        fe1_0.department_id,
        fe1_0.name,
        fe1_0.owner_id,
        fe1_0.updated_at 
    from
        folders fe1_0 
    where
        fe1_0.id=?
Hibernate: 
    insert 
    into
        folders
        (created_at, department, department_id, name, owner_id, updated_at, id) 
    values
        (?, ?, ?, ?, ?, ?, ?)
Hibernate: 
    select
        de1_0.id,
        de1_0.content,
        de1_0.created_at,
        de1_0.current_version_id,
        de1_0.deleted_at,
        de1_0.department_id,
        de1_0.file_name,
        de1_0.file_type,
        de1_0.folder_id,
        de1_0.owner_id,
        de1_0.s3_key,
        de1_0.status,
        de1_0.title,
        de1_0.type,
        de1_0.updated_at 
    from
        documents de1_0 
    where
        de1_0.id=?
Hibernate: 
    insert 
    into
        documents
        (content, created_at, current_version_id, deleted_at, department_id, file_name, file_type, folder_id, owner_id, s3_key, status, title, type, updated_at, id) 
    values
        (?, ?, ?, ?, ?, ?, ?, ?, ?, ?, ?, ?, ?, ?, ?)
Hibernate: 
    select
        dve1_0.id,
        dve1_0.content,
        dve1_0.created_at,
        dve1_0.created_by,
        dve1_0.document_id,
        dve1_0.s3_key,
        dve1_0.version_number 
    from
        document_versions dve1_0 
    where
        dve1_0.id=?
Hibernate: 
    insert 
    into
        document_versions
        (content, created_at, created_by, document_id, s3_key, version_number, id) 
    values
        (?, ?, ?, ?, ?, ?, ?)
Hibernate: 
    select
        de1_0.id,
        de1_0.content,
        de1_0.created_at,
        de1_0.current_version_id,
        de1_0.deleted_at,
        de1_0.department_id,
        de1_0.file_name,
        de1_0.file_type,
        de1_0.folder_id,
        de1_0.owner_id,
        de1_0.s3_key,
        de1_0.status,
        de1_0.title,
        de1_0.type,
        de1_0.updated_at 
    from
        documents de1_0 
    where
        de1_0.id=?
Hibernate: 
    insert 
    into
        documents
        (content, created_at, current_version_id, deleted_at, department_id, file_name, file_type, folder_id, owner_id, s3_key, status, title, type, updated_at, id) 
    values
        (?, ?, ?, ?, ?, ?, ?, ?, ?, ?, ?, ?, ?, ?, ?)
Hibernate: 
    select
        dve1_0.id,
        dve1_0.content,
        dve1_0.created_at,
        dve1_0.created_by,
        dve1_0.document_id,
        dve1_0.s3_key,
        dve1_0.version_number 
    from
        document_versions dve1_0 
    where
        dve1_0.id=?
Hibernate: 
    insert 
    into
        document_versions
        (content, created_at, created_by, document_id, s3_key, version_number, id) 
    values
        (?, ?, ?, ?, ?, ?, ?)
Hibernate: 
    select
        pe1_0.id,
        pe1_0.created_at,
        pe1_0.document_id,
        pe1_0.role,
        pe1_0.user_id 
    from
        permissions pe1_0 
    where
        pe1_0.id=?
Hibernate: 
    insert 
    into
        permissions
        (created_at, document_id, role, user_id, id) 
    values
        (?, ?, ?, ?, ?)
Hibernate: 
    select
        pe1_0.id,
        pe1_0.created_at,
        pe1_0.document_id,
        pe1_0.role,
        pe1_0.user_id 
    from
        permissions pe1_0 
    where
        pe1_0.id=?
Hibernate: 
    insert 
    into
        permissions
        (created_at, document_id, role, user_id, id) 
    values
        (?, ?, ?, ?, ?)
Hibernate: 
    select
        pe1_0.id,
        pe1_0.created_at,
        pe1_0.document_id,
        pe1_0.role,
        pe1_0.user_id 
    from
        permissions pe1_0 
    where
        pe1_0.id=?
Hibernate: 
    insert 
    into
        permissions
        (created_at, document_id, role, user_id, id) 
    values
        (?, ?, ?, ?, ?)
Hibernate: 
    select
        te1_0.id,
        te1_0.name 
    from
        tags te1_0 
    where
        te1_0.id=?
Hibernate: 
    insert 
    into
        tags
        (name, id) 
    values
        (?, ?)
Hibernate: 
    select
        te1_0.id,
        te1_0.name 
    from
        tags te1_0 
    where
        te1_0.id=?
Hibernate: 
    insert 
    into
        tags
        (name, id) 
    values
        (?, ?)
Hibernate: 
    select
        dte1_0.id,
        dte1_0.created_at,
        dte1_0.document_id,
        dte1_0.tag_id 
    from
        document_tags dte1_0 
    where
        dte1_0.id=?
Hibernate: 
    insert 
    into
        document_tags
        (created_at, document_id, tag_id, id) 
    values
        (?, ?, ?, ?)
Hibernate: 
    select
        dte1_0.id,
        dte1_0.created_at,
        dte1_0.document_id,
        dte1_0.tag_id 
    from
        document_tags dte1_0 
    where
        dte1_0.id=?
Hibernate: 
    insert 
    into
        document_tags
        (created_at, document_id, tag_id, id) 
    values
        (?, ?, ?, ?)
Hibernate: 
    select
        ahe1_0.id,
        ahe1_0.action,
        ahe1_0.document_id,
        ahe1_0.from_status,
        ahe1_0.performed_by,
        ahe1_0.timestamp,
        ahe1_0.to_status 
    from
        approval_histories ahe1_0 
    where
        ahe1_0.id=?
Hibernate: 
    insert 
    into
        approval_histories
        (action, document_id, from_status, performed_by, timestamp, to_status, id) 
    values
        (?, ?, ?, ?, ?, ?, ?)
Hibernate: 
    select
        ahe1_0.id,
        ahe1_0.action,
        ahe1_0.document_id,
        ahe1_0.from_status,
        ahe1_0.performed_by,
        ahe1_0.timestamp,
        ahe1_0.to_status 
    from
        approval_histories ahe1_0 
    where
        ahe1_0.id=?
Hibernate: 
    insert 
    into
        approval_histories
        (action, document_id, from_status, performed_by, timestamp, to_status, id) 
    values
        (?, ?, ?, ?, ?, ?, ?)
Hibernate: 
    select
        ore1_0.id,
        ore1_0.document_id,
        ore1_0.extracted_at,
        ore1_0.status,
        ore1_0.text 
    from
        ocr_results ore1_0 
    where
        ore1_0.id=?
Hibernate: 
    insert 
    into
        ocr_results
        (document_id, extracted_at, status, text, id) 
    values
        (?, ?, ?, ?, ?)
Hibernate: 
    select
        se1_0.id,
        se1_0.created_at,
        se1_0.document_id,
        se1_0.expires_at,
        se1_0.shared_by,
        se1_0.shared_with_email,
        se1_0.token 
    from
        shares se1_0 
    where
        se1_0.id=?
Hibernate: 
    insert 
    into
        shares
        (created_at, document_id, expires_at, shared_by, shared_with_email, token, id) 
    values
        (?, ?, ?, ?, ?, ?, ?)
Hibernate: 
    select
        ale1_0.id,
        ale1_0.action,
        ale1_0.details,
        ale1_0.document_id,
        ale1_0.performed_by,
        ale1_0.timestamp 
    from
        audit_logs ale1_0 
    where
        ale1_0.id=?
Hibernate: 
    insert 
    into
        audit_logs
        (action, details, document_id, performed_by, timestamp, id) 
    values
        (?, ?, ?, ?, ?, ?)
2026-08-12T15:25:10.319+07:00  INFO 20468 --- [backend-java] [           main] c.edms.infrastructure.config.DataSeeder  : ? Sample data successfully preloaded into local H2 database!
[INFO] Tests run: 2, Failures: 0, Errors: 0, Skipped: 0, Time elapsed: 14.60 s -- in com.edms.api.controller.ApprovalControllerTest
[INFO] Running com.edms.api.controller.AuthControllerTest
2026-08-12T15:25:10.723+07:00  INFO 20468 --- [backend-java] [           main] t.c.s.AnnotationConfigContextLoaderUtils : Could not detect default configuration classes for test class [com.edms.api.controller.AuthControllerTest]: AuthControllerTest does not declare any static, non-private, non-final, nested classes annotated with @Configuration.
2026-08-12T15:25:10.745+07:00  INFO 20468 --- [backend-java] [           main] .b.t.c.SpringBootTestContextBootstrapper : Found @SpringBootConfiguration com.edms.EdmsApplication for test class com.edms.api.controller.AuthControllerTest

  .   ____          _            __ _ _
 /\\ / ___'_ __ _ _(_)_ __  __ _ \ \ \ \
( ( )\___ | '_ | '_| | '_ \/ _` | \ \ \ \
 \\/  ___)| |_)| | | | | || (_| |  ) ) ) )
  '  |____| .__|_| |_|_| |_\__, | / / / /
 =========|_|==============|___/=/_/_/_/
 :: Spring Boot ::                (v3.2.5)

2026-08-12T15:25:10.819+07:00  INFO 20468 --- [backend-java] [           main] c.e.api.controller.AuthControllerTest    : Starting AuthControllerTest using Java 26.0.2 with PID 20468 (started by son25 in D:\HocTap\Enterprise-Document-Collaboration-Platform\backend)
2026-08-12T15:25:10.820+07:00  INFO 20468 --- [backend-java] [           main] c.e.api.controller.AuthControllerTest    : The following 1 profile is active: "local"
2026-08-12T15:25:11.499+07:00  INFO 20468 --- [backend-java] [           main] .s.d.r.c.RepositoryConfigurationDelegate : Bootstrapping Spring Data JPA repositories in DEFAULT mode.
2026-08-12T15:25:11.563+07:00  INFO 20468 --- [backend-java] [           main] .s.d.r.c.RepositoryConfigurationDelegate : Finished Spring Data repository scanning in 62 ms. Found 12 JPA repository interfaces.
2026-08-12T15:25:11.801+07:00  INFO 20468 --- [backend-java] [           main] com.zaxxer.hikari.HikariDataSource       : HikariPool-2 - Starting...
2026-08-12T15:25:11.805+07:00  INFO 20468 --- [backend-java] [           main] com.zaxxer.hikari.pool.HikariPool        : HikariPool-2 - Added connection conn10: url=jdbc:h2:mem:edmsdb user=SA
2026-08-12T15:25:11.805+07:00  INFO 20468 --- [backend-java] [           main] com.zaxxer.hikari.HikariDataSource       : HikariPool-2 - Start completed.
2026-08-12T15:25:11.817+07:00  INFO 20468 --- [backend-java] [           main] org.flywaydb.core.FlywayExecutor         : Database: jdbc:h2:mem:edmsdb (H2 2.2)
2026-08-12T15:25:11.820+07:00  WARN 20468 --- [backend-java] [           main] o.f.c.internal.database.base.Database    : Flyway upgrade recommended: H2 2.2.224 is newer than this version of Flyway and support has not been tested. The latest supported version of H2 is 2.2.220.
2026-08-12T15:25:11.827+07:00  INFO 20468 --- [backend-java] [           main] o.f.core.internal.command.DbValidate     : Successfully validated 1 migration (execution time 00:00.005s)
2026-08-12T15:25:11.831+07:00  INFO 20468 --- [backend-java] [           main] o.f.core.internal.command.DbMigrate      : Current version of schema "PUBLIC": 1
2026-08-12T15:25:11.832+07:00  INFO 20468 --- [backend-java] [           main] o.f.core.internal.command.DbMigrate      : Schema "PUBLIC" is up to date. No migration necessary.
2026-08-12T15:25:11.860+07:00  INFO 20468 --- [backend-java] [           main] o.hibernate.jpa.internal.util.LogHelper  : HHH000204: Processing PersistenceUnitInfo [name: default]
2026-08-12T15:25:11.865+07:00  INFO 20468 --- [backend-java] [           main] o.h.c.internal.RegionFactoryInitiator    : HHH000026: Second-level cache disabled
2026-08-12T15:25:11.874+07:00  INFO 20468 --- [backend-java] [           main] o.s.o.j.p.SpringPersistenceUnitInfo      : No LoadTimeWeaver setup: ignoring JPA class transformer
2026-08-12T15:25:11.877+07:00  WARN 20468 --- [backend-java] [           main] org.hibernate.orm.deprecation            : HHH90000025: H2Dialect does not need to be specified explicitly using 'hibernate.dialect' (remove the property setting and it will be selected by default)
2026-08-12T15:25:12.190+07:00  INFO 20468 --- [backend-java] [           main] o.h.e.t.j.p.i.JtaPlatformInitiator       : HHH000489: No JTA platform available (set 'hibernate.transaction.jta.platform' to enable JTA platform integration)
2026-08-12T15:25:12.191+07:00  INFO 20468 --- [backend-java] [           main] j.LocalContainerEntityManagerFactoryBean : Initialized JPA EntityManagerFactory for persistence unit 'default'
2026-08-12T15:25:12.627+07:00  WARN 20468 --- [backend-java] [           main] JpaBaseConfiguration$JpaWebConfiguration : spring.jpa.open-in-view is enabled by default. Therefore, database queries may be performed during view rendering. Explicitly configure spring.jpa.open-in-view to disable this warning
2026-08-12T15:25:12.643+07:00  WARN 20468 --- [backend-java] [           main] .s.s.UserDetailsServiceAutoConfiguration : 

Using generated security password: 2b76ad81-a005-4be5-ac70-b47d1bead4f4

This generated password is for development use only. Your security configuration must be updated before running your application in production.

2026-08-12T15:25:12.810+07:00  INFO 20468 --- [backend-java] [           main] o.s.s.web.DefaultSecurityFilterChain     : Will secure any request with [org.springframework.security.web.session.DisableEncodeUrlFilter@7bc87d58, org.springframework.security.web.context.request.async.WebAsyncManagerIntegrationFilter@14295dca, org.springframework.security.web.context.SecurityContextHolderFilter@20e0becd, org.springframework.security.web.header.HeaderWriterFilter@5813c42a, org.springframework.web.filter.CorsFilter@6ef5b630, org.springframework.security.web.authentication.logout.LogoutFilter@4c84615a, com.edms.infrastructure.security.JwtAuthenticationFilter@72416c9a, org.springframework.security.web.savedrequest.RequestCacheAwareFilter@6eb0d0ea, org.springframework.security.web.servletapi.SecurityContextHolderAwareRequestFilter@28446b82, org.springframework.security.web.authentication.AnonymousAuthenticationFilter@4911d84, org.springframework.security.web.session.SessionManagementFilter@7176188d, org.springframework.security.web.access.ExceptionTranslationFilter@af88ccf, org.springframework.security.web.access.intercept.AuthorizationFilter@2fc8b8c2]
2026-08-12T15:25:13.022+07:00  INFO 20468 --- [backend-java] [           main] o.s.b.a.h2.H2ConsoleAutoConfiguration    : H2 console available at '/h2-console'. Database available at 'jdbc:h2:mem:edmsdb'
2026-08-12T15:25:13.051+07:00  INFO 20468 --- [backend-java] [           main] o.s.b.t.m.w.SpringBootMockServletContext : Initializing Spring TestDispatcherServlet ''
2026-08-12T15:25:13.052+07:00  INFO 20468 --- [backend-java] [           main] o.s.t.web.servlet.TestDispatcherServlet  : Initializing Servlet ''
2026-08-12T15:25:13.053+07:00  INFO 20468 --- [backend-java] [           main] o.s.t.web.servlet.TestDispatcherServlet  : Completed initialization in 1 ms
2026-08-12T15:25:13.069+07:00  INFO 20468 --- [backend-java] [           main] c.e.api.controller.AuthControllerTest    : Started AuthControllerTest in 2.311 seconds (process running for 18.067)
Hibernate: 
    select
        count(*) 
    from
        users ue1_0
2026-08-12T15:25:13.075+07:00  INFO 20468 --- [backend-java] [           main] c.edms.infrastructure.config.DataSeeder  : Data already seeded in H2 database.
2026-08-12T15:25:13.270+07:00  WARN 20468 --- [backend-java] [           main] c.e.a.exception.GlobalExceptionHandler   : Validation error: password: Password is required
2026-08-12T15:25:13.293+07:00  WARN 20468 --- [backend-java] [           main] c.e.a.exception.GlobalExceptionHandler   : Unauthorized: Invalid email or password
[INFO] Tests run: 4, Failures: 0, Errors: 0, Skipped: 0, Time elapsed: 2.594 s -- in com.edms.api.controller.AuthControllerTest
[INFO] Running com.edms.api.controller.DocumentControllerTest
2026-08-12T15:25:13.321+07:00  INFO 20468 --- [backend-java] [           main] t.c.s.AnnotationConfigContextLoaderUtils : Could not detect default configuration classes for test class [com.edms.api.controller.DocumentControllerTest]: DocumentControllerTest does not declare any static, non-private, non-final, nested classes annotated with @Configuration.
2026-08-12T15:25:13.326+07:00  INFO 20468 --- [backend-java] [           main] .b.t.c.SpringBootTestContextBootstrapper : Found @SpringBootConfiguration com.edms.EdmsApplication for test class com.edms.api.controller.DocumentControllerTest

  .   ____          _            __ _ _
 /\\ / ___'_ __ _ _(_)_ __  __ _ \ \ \ \
( ( )\___ | '_ | '_| | '_ \/ _` | \ \ \ \
 \\/  ___)| |_)| | | | | || (_| |  ) ) ) )
  '  |____| .__|_| |_|_| |_\__, | / / / /
 =========|_|==============|___/=/_/_/_/
 :: Spring Boot ::                (v3.2.5)

2026-08-12T15:25:13.372+07:00  INFO 20468 --- [backend-java] [           main] c.e.a.controller.DocumentControllerTest  : Starting DocumentControllerTest using Java 26.0.2 with PID 20468 (started by son25 in D:\HocTap\Enterprise-Document-Collaboration-Platform\backend)
2026-08-12T15:25:13.372+07:00  INFO 20468 --- [backend-java] [           main] c.e.a.controller.DocumentControllerTest  : The following 1 profile is active: "local"
2026-08-12T15:25:13.902+07:00  INFO 20468 --- [backend-java] [           main] .s.d.r.c.RepositoryConfigurationDelegate : Bootstrapping Spring Data JPA repositories in DEFAULT mode.
2026-08-12T15:25:13.974+07:00  INFO 20468 --- [backend-java] [           main] .s.d.r.c.RepositoryConfigurationDelegate : Finished Spring Data repository scanning in 66 ms. Found 12 JPA repository interfaces.
2026-08-12T15:25:14.245+07:00  INFO 20468 --- [backend-java] [           main] com.zaxxer.hikari.HikariDataSource       : HikariPool-3 - Starting...
2026-08-12T15:25:14.247+07:00  INFO 20468 --- [backend-java] [           main] com.zaxxer.hikari.pool.HikariPool        : HikariPool-3 - Added connection conn20: url=jdbc:h2:mem:edmsdb user=SA
2026-08-12T15:25:14.247+07:00  INFO 20468 --- [backend-java] [           main] com.zaxxer.hikari.HikariDataSource       : HikariPool-3 - Start completed.
2026-08-12T15:25:14.258+07:00  INFO 20468 --- [backend-java] [           main] org.flywaydb.core.FlywayExecutor         : Database: jdbc:h2:mem:edmsdb (H2 2.2)
2026-08-12T15:25:14.261+07:00  WARN 20468 --- [backend-java] [           main] o.f.c.internal.database.base.Database    : Flyway upgrade recommended: H2 2.2.224 is newer than this version of Flyway and support has not been tested. The latest supported version of H2 is 2.2.220.
2026-08-12T15:25:14.267+07:00  INFO 20468 --- [backend-java] [           main] o.f.core.internal.command.DbValidate     : Successfully validated 1 migration (execution time 00:00.004s)
2026-08-12T15:25:14.272+07:00  INFO 20468 --- [backend-java] [           main] o.f.core.internal.command.DbMigrate      : Current version of schema "PUBLIC": 1
2026-08-12T15:25:14.272+07:00  INFO 20468 --- [backend-java] [           main] o.f.core.internal.command.DbMigrate      : Schema "PUBLIC" is up to date. No migration necessary.
2026-08-12T15:25:14.301+07:00  INFO 20468 --- [backend-java] [           main] o.hibernate.jpa.internal.util.LogHelper  : HHH000204: Processing PersistenceUnitInfo [name: default]
2026-08-12T15:25:14.306+07:00  INFO 20468 --- [backend-java] [           main] o.h.c.internal.RegionFactoryInitiator    : HHH000026: Second-level cache disabled
2026-08-12T15:25:14.316+07:00  INFO 20468 --- [backend-java] [           main] o.s.o.j.p.SpringPersistenceUnitInfo      : No LoadTimeWeaver setup: ignoring JPA class transformer
2026-08-12T15:25:14.318+07:00  WARN 20468 --- [backend-java] [           main] org.hibernate.orm.deprecation            : HHH90000025: H2Dialect does not need to be specified explicitly using 'hibernate.dialect' (remove the property setting and it will be selected by default)
2026-08-12T15:25:14.595+07:00  INFO 20468 --- [backend-java] [           main] o.h.e.t.j.p.i.JtaPlatformInitiator       : HHH000489: No JTA platform available (set 'hibernate.transaction.jta.platform' to enable JTA platform integration)
2026-08-12T15:25:14.595+07:00  INFO 20468 --- [backend-java] [           main] j.LocalContainerEntityManagerFactoryBean : Initialized JPA EntityManagerFactory for persistence unit 'default'
2026-08-12T15:25:14.937+07:00  WARN 20468 --- [backend-java] [           main] JpaBaseConfiguration$JpaWebConfiguration : spring.jpa.open-in-view is enabled by default. Therefore, database queries may be performed during view rendering. Explicitly configure spring.jpa.open-in-view to disable this warning
2026-08-12T15:25:14.952+07:00  WARN 20468 --- [backend-java] [           main] .s.s.UserDetailsServiceAutoConfiguration : 

Using generated security password: b8f3bbb1-567f-4096-89bd-0b762f137cc6

This generated password is for development use only. Your security configuration must be updated before running your application in production.

2026-08-12T15:25:15.113+07:00  INFO 20468 --- [backend-java] [           main] o.s.s.web.DefaultSecurityFilterChain     : Will secure any request with [org.springframework.security.web.session.DisableEncodeUrlFilter@5677182f, org.springframework.security.web.context.request.async.WebAsyncManagerIntegrationFilter@2bd00fce, org.springframework.security.web.context.SecurityContextHolderFilter@48b73b02, org.springframework.security.web.header.HeaderWriterFilter@752ee6e1, org.springframework.web.filter.CorsFilter@6b34e798, org.springframework.security.web.authentication.logout.LogoutFilter@75610768, com.edms.infrastructure.security.JwtAuthenticationFilter@15f436d7, org.springframework.security.web.savedrequest.RequestCacheAwareFilter@778324fd, org.springframework.security.web.servletapi.SecurityContextHolderAwareRequestFilter@7518dd02, org.springframework.security.web.authentication.AnonymousAuthenticationFilter@14c5f96, org.springframework.security.web.session.SessionManagementFilter@7fe1dee9, org.springframework.security.web.access.ExceptionTranslationFilter@1ae4bdf4, org.springframework.security.web.access.intercept.AuthorizationFilter@28685f4f]
2026-08-12T15:25:15.289+07:00  INFO 20468 --- [backend-java] [           main] o.s.b.a.h2.H2ConsoleAutoConfiguration    : H2 console available at '/h2-console'. Database available at 'jdbc:h2:mem:edmsdb'
2026-08-12T15:25:15.317+07:00  INFO 20468 --- [backend-java] [           main] o.s.b.t.m.w.SpringBootMockServletContext : Initializing Spring TestDispatcherServlet ''
2026-08-12T15:25:15.318+07:00  INFO 20468 --- [backend-java] [           main] o.s.t.web.servlet.TestDispatcherServlet  : Initializing Servlet ''
2026-08-12T15:25:15.319+07:00  INFO 20468 --- [backend-java] [           main] o.s.t.web.servlet.TestDispatcherServlet  : Completed initialization in 1 ms
2026-08-12T15:25:15.332+07:00  INFO 20468 --- [backend-java] [           main] c.e.a.controller.DocumentControllerTest  : Started DocumentControllerTest in 2.001 seconds (process running for 20.331)
Hibernate: 
    select
        count(*) 
    from
        users ue1_0
2026-08-12T15:25:15.339+07:00  INFO 20468 --- [backend-java] [           main] c.edms.infrastructure.config.DataSeeder  : Data already seeded in H2 database.
2026-08-12T15:25:15.453+07:00  WARN 20468 --- [backend-java] [           main] c.e.a.exception.GlobalExceptionHandler   : Resource not found: Document not found: d999
[INFO] Tests run: 5, Failures: 0, Errors: 0, Skipped: 0, Time elapsed: 2.142 s -- in com.edms.api.controller.DocumentControllerTest
[INFO] Running com.edms.api.controller.FolderControllerTest
2026-08-12T15:25:15.471+07:00  INFO 20468 --- [backend-java] [           main] t.c.s.AnnotationConfigContextLoaderUtils : Could not detect default configuration classes for test class [com.edms.api.controller.FolderControllerTest]: FolderControllerTest does not declare any static, non-private, non-final, nested classes annotated with @Configuration.
2026-08-12T15:25:15.475+07:00  INFO 20468 --- [backend-java] [           main] .b.t.c.SpringBootTestContextBootstrapper : Found @SpringBootConfiguration com.edms.EdmsApplication for test class com.edms.api.controller.FolderControllerTest

  .   ____          _            __ _ _
 /\\ / ___'_ __ _ _(_)_ __  __ _ \ \ \ \
( ( )\___ | '_ | '_| | '_ \/ _` | \ \ \ \
 \\/  ___)| |_)| | | | | || (_| |  ) ) ) )
  '  |____| .__|_| |_|_| |_\__, | / / / /
 =========|_|==============|___/=/_/_/_/
 :: Spring Boot ::                (v3.2.5)

2026-08-12T15:25:15.520+07:00  INFO 20468 --- [backend-java] [           main] c.e.api.controller.FolderControllerTest  : Starting FolderControllerTest using Java 26.0.2 with PID 20468 (started by son25 in D:\HocTap\Enterprise-Document-Collaboration-Platform\backend)
2026-08-12T15:25:15.521+07:00  INFO 20468 --- [backend-java] [           main] c.e.api.controller.FolderControllerTest  : The following 1 profile is active: "local"
2026-08-12T15:25:16.054+07:00  INFO 20468 --- [backend-java] [           main] .s.d.r.c.RepositoryConfigurationDelegate : Bootstrapping Spring Data JPA repositories in DEFAULT mode.
2026-08-12T15:25:16.115+07:00  INFO 20468 --- [backend-java] [           main] .s.d.r.c.RepositoryConfigurationDelegate : Finished Spring Data repository scanning in 60 ms. Found 12 JPA repository interfaces.
2026-08-12T15:25:16.363+07:00  INFO 20468 --- [backend-java] [           main] com.zaxxer.hikari.HikariDataSource       : HikariPool-4 - Starting...
2026-08-12T15:25:16.365+07:00  INFO 20468 --- [backend-java] [           main] com.zaxxer.hikari.pool.HikariPool        : HikariPool-4 - Added connection conn30: url=jdbc:h2:mem:edmsdb user=SA
2026-08-12T15:25:16.365+07:00  INFO 20468 --- [backend-java] [           main] com.zaxxer.hikari.HikariDataSource       : HikariPool-4 - Start completed.
2026-08-12T15:25:16.375+07:00  INFO 20468 --- [backend-java] [           main] org.flywaydb.core.FlywayExecutor         : Database: jdbc:h2:mem:edmsdb (H2 2.2)
2026-08-12T15:25:16.378+07:00  WARN 20468 --- [backend-java] [           main] o.f.c.internal.database.base.Database    : Flyway upgrade recommended: H2 2.2.224 is newer than this version of Flyway and support has not been tested. The latest supported version of H2 is 2.2.220.
2026-08-12T15:25:16.383+07:00  INFO 20468 --- [backend-java] [           main] o.f.core.internal.command.DbValidate     : Successfully validated 1 migration (execution time 00:00.003s)
2026-08-12T15:25:16.386+07:00  INFO 20468 --- [backend-java] [           main] o.f.core.internal.command.DbMigrate      : Current version of schema "PUBLIC": 1
2026-08-12T15:25:16.388+07:00  INFO 20468 --- [backend-java] [           main] o.f.core.internal.command.DbMigrate      : Schema "PUBLIC" is up to date. No migration necessary.
2026-08-12T15:25:16.409+07:00  INFO 20468 --- [backend-java] [           main] o.hibernate.jpa.internal.util.LogHelper  : HHH000204: Processing PersistenceUnitInfo [name: default]
2026-08-12T15:25:16.414+07:00  INFO 20468 --- [backend-java] [           main] o.h.c.internal.RegionFactoryInitiator    : HHH000026: Second-level cache disabled
2026-08-12T15:25:16.423+07:00  INFO 20468 --- [backend-java] [           main] o.s.o.j.p.SpringPersistenceUnitInfo      : No LoadTimeWeaver setup: ignoring JPA class transformer
2026-08-12T15:25:16.425+07:00  WARN 20468 --- [backend-java] [           main] org.hibernate.orm.deprecation            : HHH90000025: H2Dialect does not need to be specified explicitly using 'hibernate.dialect' (remove the property setting and it will be selected by default)
2026-08-12T15:25:16.682+07:00  INFO 20468 --- [backend-java] [           main] o.h.e.t.j.p.i.JtaPlatformInitiator       : HHH000489: No JTA platform available (set 'hibernate.transaction.jta.platform' to enable JTA platform integration)
2026-08-12T15:25:16.683+07:00  INFO 20468 --- [backend-java] [           main] j.LocalContainerEntityManagerFactoryBean : Initialized JPA EntityManagerFactory for persistence unit 'default'
2026-08-12T15:25:16.980+07:00  WARN 20468 --- [backend-java] [           main] JpaBaseConfiguration$JpaWebConfiguration : spring.jpa.open-in-view is enabled by default. Therefore, database queries may be performed during view rendering. Explicitly configure spring.jpa.open-in-view to disable this warning
2026-08-12T15:25:16.993+07:00  WARN 20468 --- [backend-java] [           main] .s.s.UserDetailsServiceAutoConfiguration : 

Using generated security password: ac2ca8e3-9f13-4e05-8dcf-f6ae825c698d

This generated password is for development use only. Your security configuration must be updated before running your application in production.

2026-08-12T15:25:17.139+07:00  INFO 20468 --- [backend-java] [           main] o.s.s.web.DefaultSecurityFilterChain     : Will secure any request with [org.springframework.security.web.session.DisableEncodeUrlFilter@2d0ac6c8, org.springframework.security.web.context.request.async.WebAsyncManagerIntegrationFilter@4674bc88, org.springframework.security.web.context.SecurityContextHolderFilter@740ed220, org.springframework.security.web.header.HeaderWriterFilter@2b381c76, org.springframework.web.filter.CorsFilter@4199b27, org.springframework.security.web.authentication.logout.LogoutFilter@4605b20b, com.edms.infrastructure.security.JwtAuthenticationFilter@c2e5ad4, org.springframework.security.web.savedrequest.RequestCacheAwareFilter@49953381, org.springframework.security.web.servletapi.SecurityContextHolderAwareRequestFilter@22254d69, org.springframework.security.web.authentication.AnonymousAuthenticationFilter@7c7548b3, org.springframework.security.web.session.SessionManagementFilter@557665b2, org.springframework.security.web.access.ExceptionTranslationFilter@55ad0169, org.springframework.security.web.access.intercept.AuthorizationFilter@2eaad7c0]
2026-08-12T15:25:17.295+07:00  INFO 20468 --- [backend-java] [           main] o.s.b.a.h2.H2ConsoleAutoConfiguration    : H2 console available at '/h2-console'. Database available at 'jdbc:h2:mem:edmsdb'
2026-08-12T15:25:17.323+07:00  INFO 20468 --- [backend-java] [           main] o.s.b.t.m.w.SpringBootMockServletContext : Initializing Spring TestDispatcherServlet ''
2026-08-12T15:25:17.323+07:00  INFO 20468 --- [backend-java] [           main] o.s.t.web.servlet.TestDispatcherServlet  : Initializing Servlet ''
2026-08-12T15:25:17.323+07:00  INFO 20468 --- [backend-java] [           main] o.s.t.web.servlet.TestDispatcherServlet  : Completed initialization in 0 ms
2026-08-12T15:25:17.345+07:00  INFO 20468 --- [backend-java] [           main] c.e.api.controller.FolderControllerTest  : Started FolderControllerTest in 1.864 seconds (process running for 22.345)
Hibernate: 
    select
        count(*) 
    from
        users ue1_0
2026-08-12T15:25:17.351+07:00  INFO 20468 --- [backend-java] [           main] c.edms.infrastructure.config.DataSeeder  : Data already seeded in H2 database.
2026-08-12T15:25:17.391+07:00  WARN 20468 --- [backend-java] [           main] c.e.a.exception.GlobalExceptionHandler   : Resource not found: Folder not found: non-existent
[INFO] Tests run: 3, Failures: 0, Errors: 0, Skipped: 0, Time elapsed: 1.950 s -- in com.edms.api.controller.FolderControllerTest
[INFO] 
[INFO] Results:
[INFO] 
[INFO] Tests run: 14, Failures: 0, Errors: 0, Skipped: 0
[INFO] 
[INFO] ------------------------------------------------------------------------
[INFO] BUILD SUCCESS
[INFO] ------------------------------------------------------------------------
[INFO] Total time:  26.860 s
[INFO] Finished at: 2026-08-12T15:25:17+07:00
[INFO] ------------------------------------------------------------------------
